\BOOKMARK [0][-]{chapter*.1}{\376\377\000L\036\334\000I\000\040\000C\036\242\000M\000\040\001\240\000N}{}% 1
\BOOKMARK [0][-]{chapter*.2}{\376\377\000L\036\334\000I\000\040\000M\036\336\000\040\001\020\036\246\000U}{}% 2
\BOOKMARK [0][-]{chapter*.3}{\376\377\000D\000A\000N\000H\000\040\000S\000\301\000C\000H\000\040\000T\036\352\000\040\000V\000I\036\276\000T\000\040\000T\036\256\000T}{}% 3
\BOOKMARK [0][-]{chapter.1}{\376\377\000G\000I\036\332\000I\000\040\000T\000H\000I\036\306\000U\000\040\001\020\036\300\000\040\000T\000\300\000I}{}% 4
\BOOKMARK [1][-]{section.1.1}{\376\377\000B\036\321\000i\000\040\000c\036\243\000n\000h\000\040\000c\036\347\000a\000\040\001\021\036\301\000\040\000t\000\340\000i}{chapter.1}% 5
\BOOKMARK [1][-]{section.1.2}{\376\377\000L\000\375\000\040\000d\000o\000\040\000t\000h\036\361\000c\000\040\000h\000i\036\307\000n\000\040\001\021\036\301\000\040\000t\000\340\000i\000,\000\040\000v\036\245\000n\000\040\001\021\036\301\000\040\000n\000g\000h\000i\000\352\000n\000\040\000c\036\351\000u}{chapter.1}% 6
\BOOKMARK [1][-]{section.1.3}{\376\377\000M\036\345\000c\000\040\000t\000i\000\352\000u\000\040\000n\000g\000h\000i\000\352\000n\000\040\000c\036\351\000u}{chapter.1}% 7
\BOOKMARK [1][-]{section.1.4}{\376\377\000P\000h\001\260\001\241\000n\000g\000\040\000p\000h\000\341\000p\000\040\000n\000g\000h\000i\000\352\000n\000\040\000c\036\351\000u}{chapter.1}% 8
\BOOKMARK [1][-]{section.1.5}{\376\377\000K\036\277\000t\000\040\000c\036\245\000u\000\040\000c\036\347\000a\000\040\001\021\036\301\000\040\000t\000\340\000i\000\040\000v\000\340\000\040\000g\000i\036\333\000i\000\040\000h\036\241\000n\000\040\001\021\036\301\000\040\000t\000\340\000i}{chapter.1}% 9
\BOOKMARK [0][-]{chapter.2}{\376\377\000C\001\240\000\040\000S\036\336\000\040\000L\000\335\000\040\000T\000H\000U\000Y\036\276\000T\000\040\000V\000\300\000\040\000C\000\324\000N\000G\000\040\000N\000G\000H\036\306\000\040\000T\001\257\001\240\000N\000G\000\040\000Q\000U\000A\000N}{}% 10
\BOOKMARK [1][-]{section.2.1}{\376\377\000T\036\325\000n\000g\000\040\000q\000u\000a\000n\000\040\000v\036\301\000\040\000H\036\315\000c\000\040\000t\001\003\000n\000g\000\040\000c\001\260\036\335\000n\000g\000\040\000\050\000R\000e\000i\000n\000f\000o\000r\000c\000e\000m\000e\000n\000t\000\040\000L\000e\000a\000r\000n\000i\000n\000g\000\051}{chapter.2}% 11
\BOOKMARK [2][-]{subsection.2.1.1}{\376\377\000C\000h\000\355\000n\000h\000\040\000s\000\341\000c\000h\000\040\000v\000\340\000\040\000C\000h\000\355\000n\000h\000\040\000s\000\341\000c\000h\000\040\000t\036\321\000i\000\040\001\260\000u\000\040\000\050\000P\000o\000l\000i\000c\000y\000\040\000\046\000\040\000O\000p\000t\000i\000m\000a\000l\000\040\000P\000o\000l\000i\000c\000y\000\051}{section.2.1}% 12
\BOOKMARK [2][-]{subsection.2.1.2}{\376\377\000H\000\340\000m\000\040\000g\000i\000\341\000\040\000t\000r\036\313\000\040\000\050\000V\000a\000l\000u\000e\000\040\000F\000u\000n\000c\000t\000i\000o\000n\000\051}{section.2.1}% 13
\BOOKMARK [1][-]{section.2.2}{\376\377\000M\000\364\000\040\000h\000\354\000n\000h\000\040\000N\000g\000\364\000n\000\040\000n\000g\036\357\000\040\000L\036\333\000n\000\040\000v\000\340\000\040\000S\000u\000y\000\040\000l\000u\036\255\000n\000\040\000T\000o\000\341\000n\000\040\000h\036\315\000c}{chapter.2}% 14
\BOOKMARK [1][-]{section.2.3}{\376\377\000H\036\315\000c\000\040\000t\001\003\000n\000g\000\040\000c\001\260\036\335\000n\000g\000:\000\040\000T\036\353\000\040\000G\000R\000P\000O\000\040\001\021\036\277\000n\000\040\000S\000D\000P\000O}{chapter.2}% 15
\BOOKMARK [2][-]{subsection.2.3.1}{\376\377\000H\036\315\000c\000\040\000t\001\003\000n\000g\000\040\000c\001\260\036\335\000n\000g\000\040\000v\036\333\000i\000\040\000p\000h\036\247\000n\000\040\000t\000h\001\260\036\337\000n\000g\000\040\000k\000i\036\303\000m\000\040\000c\000h\036\351\000n\000g\000\040\000\050\000R\000L\000V\000R\000\051\000\040\000v\000\340\000\040\000P\000h\036\243\000n\000\040\000h\036\323\000i\000\040\000p\000h\000o\000n\000g\000\040\000p\000h\000\372\000\040\000\050\000R\000L\000R\000F\000\051}{section.2.3}% 16
\BOOKMARK [2][-]{subsection.2.3.2}{\376\377\000T\036\321\000i\000\040\001\260\000u\000\040\000h\000\363\000a\000\040\000C\000h\000\355\000n\000h\000\040\000s\000\341\000c\000h\000\040\000K\000h\000e\000n\000\040\000t\000h\001\260\036\337\000n\000g\000\040\000N\000h\000\363\000m\000\040\000\050\000G\000R\000P\000O\000\051}{section.2.3}% 17
\BOOKMARK [2][-]{subsection.2.3.3}{\376\377\000T\036\321\000i\000\040\001\260\000u\000\040\000h\000\363\000a\000\040\000C\000h\000\355\000n\000h\000\040\000s\000\341\000c\000h\000\040\000T\036\361\000\040\000c\000h\001\260\000n\000g\000\040\000c\036\245\000t\000\040\000\050\000S\000D\000P\000O\000\051}{section.2.3}% 18
\BOOKMARK [1][-]{section.2.4}{\376\377\000B\000i\036\303\000u\000\040\001\021\036\241\000t\000\040\000n\000h\036\255\000n\000\040\000t\000h\036\351\000c\000\040\000\050\000E\000p\000i\000s\000t\000e\000m\000i\000c\000\040\000V\000e\000r\000b\000a\000l\000i\000z\000a\000t\000i\000o\000n\000\051\000\040\000v\000\340\000\040\000R\036\347\000i\000\040\000r\000o\000\040\000t\000r\000i\036\307\000t\000\040\000t\000i\000\352\000u}{chapter.2}% 19
\BOOKMARK [2][-]{subsection.2.4.1}{\376\377\000K\000h\000\341\000i\000\040\000n\000i\036\307\000m\000\040\000B\000i\036\303\000u\000\040\001\021\036\241\000t\000\040\000n\000h\036\255\000n\000\040\000t\000h\036\351\000c\000\040\000t\000r\000o\000n\000g\000\040\000s\000u\000y\000\040\000l\000u\036\255\000n\000\040\000T\000o\000\341\000n\000\040\000h\036\315\000c}{section.2.4}% 20
\BOOKMARK [2][-]{subsection.2.4.2}{\376\377\000L\001\260\036\343\000n\000g\000\040\000t\000i\000n\000\040\000t\001\260\001\241\000n\000g\000\040\000h\036\327\000\040\000v\000\340\000\040\000S\036\361\000\040\000t\000h\000a\000y\000\040\001\021\036\325\000i\000\040\000h\000\340\000n\000h\000\040\000v\000i\000\040\000s\000u\000y\000\040\000l\000u\036\255\000n}{section.2.4}% 21
\BOOKMARK [2][-]{subsection.2.4.3}{\376\377\000H\000i\036\307\000n\000\040\000t\001\260\036\343\000n\000g\000\040\000T\000r\000i\036\307\000t\000\040\000t\000i\000\352\000u\000\040\000n\000h\036\255\000n\000\040\000t\000h\036\351\000c\000\040\000\050\000E\000p\000i\000s\000t\000e\000m\000i\000c\000\040\000S\000u\000p\000p\000r\000e\000s\000s\000i\000o\000n\000\051}{section.2.4}% 22
\BOOKMARK [1][-]{section.2.5}{\376\377\000C\000\341\000c\000\040\000c\000\364\000n\000g\000\040\000n\000g\000h\036\307\000\040\000v\000\340\000\040\000n\036\301\000n\000\040\000t\036\243\000n\000g\000\040\000h\036\327\000\040\000t\000r\036\343}{chapter.2}% 23
\BOOKMARK [0][-]{chapter.3}{\376\377\000P\000H\001\257\001\240\000N\000G\000\040\000P\000H\000\301\000P\000\040\001\020\036\300\000\040\000X\000U\036\244\000T\000\040\000V\000\300\000\040\000T\000H\000I\036\276\000T\000\040\000K\036\276}{}% 24
\BOOKMARK [1][-]{section.3.1}{\376\377\000G\000i\036\333\000i\000\040\000h\036\241\000n\000\040\000c\036\347\000a\000\040\000S\000D\000P\000O\000\040\000t\000r\000u\000y\036\301\000n\000\040\000t\000h\036\321\000n\000g\000\040\000t\000r\000o\000n\000g\000\040\000l\001\051\000n\000h\000\040\000v\036\361\000c\000\040\000T\000o\000\341\000n\000\040\000h\036\315\000c}{chapter.3}% 25
\BOOKMARK [1][-]{section.3.2}{\376\377\001\020\036\301\000\040\000x\000u\036\245\000t\000\040\000S\000D\000P\000O\000\040\000k\036\277\000t\000\040\000h\036\343\000p\000\040\000C\036\325\000n\000g\000\040\001\021\036\331\000\040\000t\000i\000n\000\040\000c\036\255\000y\000\040\000\050\000R\000e\000l\000i\000a\000b\000i\000l\000i\000t\000y\000-\000G\000a\000t\000e\000d\000\040\000S\000D\000P\000O\000\051}{chapter.3}% 26
\BOOKMARK [2][-]{subsection.3.2.1}{\376\377\000H\000\340\000m\000\040\000m\036\345\000c\000\040\000t\000i\000\352\000u\000\040\000\050\000O\000b\000j\000e\000c\000t\000i\000v\000e\000\040\000F\000u\000n\000c\000t\000i\000o\000n\000\051}{section.3.2}% 27
\BOOKMARK [2][-]{subsection.3.2.2}{\376\377\000C\001\241\000\040\000c\000h\036\277\000\040\000g\000\341\000n\000\040\000t\000r\036\315\000n\000g\000\040\000s\036\321\000\040\000t\000\355\000n\000\040\000n\000h\000i\036\307\000m\000\040\000\050\000R\000e\000l\000i\000a\000b\000i\000l\000i\000t\000y\000\040\000W\000e\000i\000g\000h\000t\000s\000\051}{section.3.2}% 28
\BOOKMARK [2][-]{subsection.3.2.3}{\376\377\000C\036\325\000n\000g\000\040\000l\036\315\000c\000\040\000v\000\340\000\040\000N\000g\000\342\000n\000\040\000s\000\341\000c\000h\000\040\000t\000\355\000n\000h\000\040\000t\000o\000\341\000n\000\040\000\050\000G\000a\000t\000e\000\040\000\046\000\040\000B\000a\000t\000c\000h\000\040\000B\000u\000d\000g\000e\000t\000\051}{section.3.2}% 29
\BOOKMARK [1][-]{section.3.3}{\376\377\000C\000\341\000c\000\040\000k\000h\000\355\000a\000\040\000c\036\241\000n\000h\000\040\000c\036\243\000i\000\040\000t\000i\036\277\000n\000\040\001\021\036\331\000t\000\040\000p\000h\000\341}{chapter.3}% 30
\BOOKMARK [2][-]{subsection.3.3.1}{\376\377\000N\000\342\000n\000g\000\040\000c\000a\000o\000\040\000c\000h\036\245\000t\000\040\000l\001\260\036\343\000n\000g\000\040\000m\036\345\000c\000\040\000t\000i\000\352\000u\000\040\000\050\000H\000i\000g\000h\000e\000r\000-\000q\000u\000a\000l\000i\000t\000y\000\040\000S\000D\000P\000O\000\040\000t\000a\000r\000g\000e\000t\000s\000\051}{section.3.3}% 31
\BOOKMARK [2][-]{subsection.3.3.2}{\376\377\000G\000i\036\243\000m\000\040\000t\000h\000i\036\303\000u\000\040\000c\000h\000i\000\040\000p\000h\000\355\000\040\000t\000\355\000n\000h\000\040\000t\000o\000\341\000n\000\040\000\050\000L\000o\000w\000e\000r\000\040\000S\000D\000P\000O\000\040\000c\000o\000m\000p\000u\000t\000e\000\051}{section.3.3}% 32
\BOOKMARK [0][-]{chapter.4}{\376\377\000T\000H\036\360\000C\000\040\000N\000G\000H\000I\036\306\000M\000\040\000V\000\300\000\040\001\020\000\301\000N\000H\000\040\000G\000I\000\301}{}% 33
\BOOKMARK [1][-]{section.4.1}{\376\377\000M\000\364\000i\000\040\000t\000r\001\260\036\335\000n\000g\000\040\000v\000\340\000\040\000d\036\357\000\040\000l\000i\036\307\000u\000\040\000t\000h\036\361\000c\000\040\000n\000g\000h\000i\036\307\000m}{chapter.4}% 34
\BOOKMARK [1][-]{section.4.2}{\376\377\000T\000h\000i\036\277\000t\000\040\000l\036\255\000p\000\040\000t\000h\000a\000m\000\040\000s\036\321\000\040\000h\000u\036\245\000n\000\040\000l\000u\000y\036\307\000n}{chapter.4}% 35
\BOOKMARK [1][-]{section.4.3}{\376\377\000K\036\277\000t\000\040\000q\000u\036\243\000\040\000t\000h\036\361\000c\000\040\000n\000g\000h\000i\036\307\000m}{chapter.4}% 36
\BOOKMARK [1][-]{section.4.4}{\376\377\000P\000h\000\342\000n\000\040\000t\000\355\000c\000h\000\040\000v\000\340\000\040\001\021\000\341\000n\000h\000\040\000g\000i\000\341\000\040\000k\036\277\000t\000\040\000q\000u\036\243}{chapter.4}% 37
\BOOKMARK [0][-]{chapter.5}{\376\377\000K\036\276\000T\000\040\000L\000U\036\254\000N\000\040\000V\000\300\000\040\000H\001\257\036\332\000N\000G\000\040\000P\000H\000\301\000T\000\040\000T\000R\000I\036\302\000N}{}% 38
\BOOKMARK [1][-]{section.5.1}{\376\377\000K\036\277\000t\000\040\000l\000u\036\255\000n}{chapter.5}% 39
\BOOKMARK [1][-]{section.5.2}{\376\377\000N\000h\036\357\000n\000g\000\040\001\021\000\363\000n\000g\000\040\000g\000\363\000p\000\040\000c\000h\000\355\000n\000h}{chapter.5}% 40
\BOOKMARK [1][-]{section.5.3}{\376\377\000H\001\260\036\333\000n\000g\000\040\000p\000h\000\341\000t\000\040\000t\000r\000i\036\303\000n\000\040\000t\000i\036\277\000p\000\040\000t\000h\000e\000o}{chapter.5}% 41
\BOOKMARK [0][-]{chapter*.4}{\376\377\000T\000\300\000I\000\040\000L\000I\036\306\000U\000\040\000T\000H\000A\000M\000\040\000K\000H\036\242\000O}{}% 42
